pra0 successfully applied on vir0.

vir0 tried to apply cda0 on vir1.
vir1 used nothing for defense. Defense failed.
cda0 successfully applied on vir1.

vir1 tried to apply paa0 on vir0.
vir0 used protecting agent for defense. Successful defense.
