Successful collect: sck0 collected by vir0

vir0 stepped on shl1

There is not enough space in your inventory for cpe0
