cda1 successfully created.

There is not enough material in your inventory for this agent to be created.